s> 127.0.1.1:111 init hash 119416
s> 127.0.1.1:111 hash = 10170666

s> 127.0.1.1:111 init hash 119416
s> 127.0.1.1:111 hash = 10170666

s> 127.0.1.1:111 init hash 119416
s> 127.0.1.1:111 hash = 10170666

127.0.1.1> s:111 init check 119416 222
s> 127.0.1.1:111 check = FAIL

s> 127.0.1.1:111 init hash 119416
s> 127.0.1.1:111 hash = 10170666

127.0.1.1> s:111 init check 119416 222
s> 127.0.1.1:111 check = FAIL

127.0.1.1> s:111 init check 119416 222
s> 127.0.1.1:111 check = FAIL

